

================================================================
== Vitis HLS Report for 'array_io'
================================================================
* Date:           Sat Mar 18 19:48:57 2023

* Version:        2022.1 (Build 3526262 on Mon Apr 18 15:48:16 MDT 2022)
* Project:        array_io_prj
* Solution:       solution5 (Vivado IP Flow Target)
* Product family: virtexuplus
* Target device:  xcvu9p-flgb2104-1-e


================================================================
== Performance Estimates
================================================================
+ Timing: 
    * Summary: 
    +--------+---------+----------+------------+
    |  Clock |  Target | Estimated| Uncertainty|
    +--------+---------+----------+------------+
    |ap_clk  |  4.00 ns|  2.581 ns|     1.08 ns|
    +--------+---------+----------+------------+

+ Latency: 
    * Summary: 
    +---------+---------+-----------+-----------+-----+-----+---------+
    |  Latency (cycles) |   Latency (absolute)  |  Interval | Pipeline|
    |   min   |   max   |    min    |    max    | min | max |   Type  |
    +---------+---------+-----------+-----------+-----+-----+---------+
    |       17|       17|  68.000 ns|  68.000 ns|   18|   18|       no|
    +---------+---------+-----------+-----------+-----+-----+---------+

    + Detail: 
        * Instance: 
        N/A

        * Loop: 
        N/A



================================================================
== Utilization Estimates
================================================================
* Summary: 
+---------------------+---------+------+---------+---------+-----+
|         Name        | BRAM_18K|  DSP |    FF   |   LUT   | URAM|
+---------------------+---------+------+---------+---------+-----+
|DSP                  |        -|     -|        -|        -|    -|
|Expression           |        -|     -|        0|     1642|    -|
|FIFO                 |        -|     -|        -|        -|    -|
|Instance             |        -|     -|        -|        -|    -|
|Memory               |        -|     -|        -|        -|    -|
|Multiplexer          |        -|     -|        -|      439|    -|
|Register             |        -|     -|     1306|        -|    -|
+---------------------+---------+------+---------+---------+-----+
|Total                |        0|     0|     1306|     2081|    0|
+---------------------+---------+------+---------+---------+-----+
|Available SLR        |     1440|  2280|   788160|   394080|  320|
+---------------------+---------+------+---------+---------+-----+
|Utilization SLR (%)  |        0|     0|       ~0|       ~0|    0|
+---------------------+---------+------+---------+---------+-----+
|Available            |     4320|  6840|  2364480|  1182240|  960|
+---------------------+---------+------+---------+---------+-----+
|Utilization (%)      |        0|     0|       ~0|       ~0|    0|
+---------------------+---------+------+---------+---------+-----+

+ Detail: 
    * Instance: 
    N/A

    * DSP: 
    N/A

    * Memory: 
    N/A

    * FIFO: 
    N/A

    * Expression: 
    +------------------------+----------+----+---+----+------------+------------+
    |      Variable Name     | Operation| DSP| FF| LUT| Bitwidth P0| Bitwidth P1|
    +------------------------+----------+----+---+----+------------+------------+
    |add_ln67_10_fu_779_p2   |         +|   0|  0|  25|          18|          18|
    |add_ln67_12_fu_801_p2   |         +|   0|  0|  32|          32|          32|
    |add_ln67_13_fu_742_p2   |         +|   0|  0|  24|          17|          17|
    |add_ln67_14_fu_809_p2   |         +|   0|  0|  25|          18|          18|
    |add_ln67_16_fu_879_p2   |         +|   0|  0|  32|          32|          32|
    |add_ln67_17_fu_835_p2   |         +|   0|  0|  24|          17|          17|
    |add_ln67_18_fu_887_p2   |         +|   0|  0|  25|          18|          18|
    |add_ln67_1_fu_619_p2    |         +|   0|  0|  24|          17|          17|
    |add_ln67_20_fu_909_p2   |         +|   0|  0|  32|          32|          32|
    |add_ln67_21_fu_850_p2   |         +|   0|  0|  24|          17|          17|
    |add_ln67_22_fu_917_p2   |         +|   0|  0|  25|          18|          18|
    |add_ln67_24_fu_981_p2   |         +|   0|  0|  32|          32|          32|
    |add_ln67_25_fu_943_p2   |         +|   0|  0|  24|          17|          17|
    |add_ln67_26_fu_989_p2   |         +|   0|  0|  25|          18|          18|
    |add_ln67_28_fu_1011_p2  |         +|   0|  0|  32|          32|          32|
    |add_ln67_29_fu_958_p2   |         +|   0|  0|  24|          17|          17|
    |add_ln67_2_fu_671_p2    |         +|   0|  0|  25|          18|          18|
    |add_ln67_30_fu_1019_p2  |         +|   0|  0|  25|          18|          18|
    |add_ln67_4_fu_693_p2    |         +|   0|  0|  32|          32|          32|
    |add_ln67_5_fu_634_p2    |         +|   0|  0|  24|          17|          17|
    |add_ln67_6_fu_701_p2    |         +|   0|  0|  25|          18|          18|
    |add_ln67_8_fu_771_p2    |         +|   0|  0|  32|          32|          32|
    |add_ln67_9_fu_727_p2    |         +|   0|  0|  24|          17|          17|
    |add_ln67_fu_663_p2      |         +|   0|  0|  32|          32|          32|
    |add_ln69_10_fu_539_p2   |         +|   0|  0|  23|          16|          16|
    |add_ln69_11_fu_544_p2   |         +|   0|  0|  23|          16|          16|
    |add_ln69_12_fu_549_p2   |         +|   0|  0|  23|          16|          16|
    |add_ln69_13_fu_554_p2   |         +|   0|  0|  23|          16|          16|
    |add_ln69_14_fu_559_p2   |         +|   0|  0|  23|          16|          16|
    |add_ln69_15_fu_564_p2   |         +|   0|  0|  23|          16|          16|
    |add_ln69_16_fu_569_p2   |         +|   0|  0|  23|          16|          16|
    |add_ln69_17_fu_574_p2   |         +|   0|  0|  23|          16|          16|
    |add_ln69_18_fu_579_p2   |         +|   0|  0|  23|          16|          16|
    |add_ln69_19_fu_584_p2   |         +|   0|  0|  23|          16|          16|
    |add_ln69_1_fu_439_p2    |         +|   0|  0|  23|          16|          16|
    |add_ln69_20_fu_589_p2   |         +|   0|  0|  23|          16|          16|
    |add_ln69_21_fu_594_p2   |         +|   0|  0|  23|          16|          16|
    |add_ln69_22_fu_605_p2   |         +|   0|  0|  23|          16|          16|
    |add_ln69_23_fu_610_p2   |         +|   0|  0|  23|          16|          16|
    |add_ln69_24_fu_625_p2   |         +|   0|  0|  23|          16|          16|
    |add_ln69_25_fu_640_p2   |         +|   0|  0|  23|          16|          16|
    |add_ln69_26_fu_733_p2   |         +|   0|  0|  23|          16|          16|
    |add_ln69_27_fu_748_p2   |         +|   0|  0|  23|          16|          16|
    |add_ln69_28_fu_841_p2   |         +|   0|  0|  23|          16|          16|
    |add_ln69_29_fu_856_p2   |         +|   0|  0|  23|          16|          16|
    |add_ln69_2_fu_453_p2    |         +|   0|  0|  23|          16|          16|
    |add_ln69_30_fu_949_p2   |         +|   0|  0|  23|          16|          16|
    |add_ln69_31_fu_964_p2   |         +|   0|  0|  23|          16|          16|
    |add_ln69_3_fu_467_p2    |         +|   0|  0|  23|          16|          16|
    |add_ln69_4_fu_481_p2    |         +|   0|  0|  23|          16|          16|
    |add_ln69_5_fu_495_p2    |         +|   0|  0|  23|          16|          16|
    |add_ln69_6_fu_509_p2    |         +|   0|  0|  23|          16|          16|
    |add_ln69_7_fu_523_p2    |         +|   0|  0|  23|          16|          16|
    |add_ln69_8_fu_529_p2    |         +|   0|  0|  23|          16|          16|
    |add_ln69_9_fu_534_p2    |         +|   0|  0|  23|          16|          16|
    |add_ln69_fu_425_p2      |         +|   0|  0|  23|          16|          16|
    |temp_1_fu_711_p2        |         +|   0|  0|  32|          32|          32|
    |temp_2_fu_789_p2        |         +|   0|  0|  32|          32|          32|
    |temp_3_fu_819_p2        |         +|   0|  0|  32|          32|          32|
    |temp_4_fu_897_p2        |         +|   0|  0|  32|          32|          32|
    |temp_5_fu_927_p2        |         +|   0|  0|  32|          32|          32|
    |temp_6_fu_999_p2        |         +|   0|  0|  32|          32|          32|
    |temp_7_fu_1029_p2       |         +|   0|  0|  32|          32|          32|
    |temp_fu_681_p2          |         +|   0|  0|  32|          32|          32|
    |ap_block_state10        |        or|   0|  0|   2|           1|           1|
    +------------------------+----------+----+---+----+------------+------------+
    |Total                   |          |   0|  0|1642|        1305|        1305|
    +------------------------+----------+----+---+----+------------+------------+

    * Multiplexer: 
    +--------------+----+-----------+-----+-----------+
    |     Name     | LUT| Input Size| Bits| Total Bits|
    +--------------+----+-----------+-----+-----------+
    |ap_NS_fsm     |  97|         19|    1|         19|
    |d_i_address0  |  81|         17|    5|         85|
    |d_i_address1  |  81|         17|    5|         85|
    |d_o_0_blk_n   |   9|          2|    1|          2|
    |d_o_0_din     |  81|         17|   16|        272|
    |d_o_1_blk_n   |   9|          2|    1|          2|
    |d_o_1_din     |  81|         17|   16|        272|
    +--------------+----+-----------+-----+-----------+
    |Total         | 439|         91|   45|        737|
    +--------------+----+-----------+-----+-----------+

    * Register: 
    +----------------------+----+----+-----+-----------+
    |         Name         | FF | LUT| Bits| Const Bits|
    +----------------------+----+----+-----+-----------+
    |acc_0                 |  32|   0|   32|          0|
    |acc_1                 |  32|   0|   32|          0|
    |acc_2                 |  32|   0|   32|          0|
    |acc_3                 |  32|   0|   32|          0|
    |acc_4                 |  32|   0|   32|          0|
    |acc_5                 |  32|   0|   32|          0|
    |acc_6                 |  32|   0|   32|          0|
    |acc_7                 |  32|   0|   32|          0|
    |add_ln67_13_reg_1499  |  17|   0|   17|          0|
    |add_ln67_17_reg_1519  |  17|   0|   17|          0|
    |add_ln67_1_reg_1459   |  17|   0|   17|          0|
    |add_ln67_21_reg_1529  |  17|   0|   17|          0|
    |add_ln67_25_reg_1549  |  17|   0|   17|          0|
    |add_ln67_29_reg_1559  |  17|   0|   17|          0|
    |add_ln67_5_reg_1469   |  17|   0|   17|          0|
    |add_ln67_9_reg_1489   |  17|   0|   17|          0|
    |add_ln69_10_reg_1257  |  16|   0|   16|          0|
    |add_ln69_11_reg_1262  |  16|   0|   16|          0|
    |add_ln69_12_reg_1289  |  16|   0|   16|          0|
    |add_ln69_13_reg_1294  |  16|   0|   16|          0|
    |add_ln69_14_reg_1321  |  16|   0|   16|          0|
    |add_ln69_15_reg_1326  |  16|   0|   16|          0|
    |add_ln69_16_reg_1353  |  16|   0|   16|          0|
    |add_ln69_17_reg_1358  |  16|   0|   16|          0|
    |add_ln69_18_reg_1385  |  16|   0|   16|          0|
    |add_ln69_19_reg_1390  |  16|   0|   16|          0|
    |add_ln69_1_reg_1084   |  16|   0|   16|          0|
    |add_ln69_20_reg_1417  |  16|   0|   16|          0|
    |add_ln69_21_reg_1422  |  16|   0|   16|          0|
    |add_ln69_22_reg_1449  |  16|   0|   16|          0|
    |add_ln69_23_reg_1454  |  16|   0|   16|          0|
    |add_ln69_24_reg_1464  |  16|   0|   16|          0|
    |add_ln69_25_reg_1474  |  16|   0|   16|          0|
    |add_ln69_26_reg_1494  |  16|   0|   16|          0|
    |add_ln69_27_reg_1504  |  16|   0|   16|          0|
    |add_ln69_28_reg_1524  |  16|   0|   16|          0|
    |add_ln69_29_reg_1534  |  16|   0|   16|          0|
    |add_ln69_2_reg_1114   |  16|   0|   16|          0|
    |add_ln69_30_reg_1554  |  16|   0|   16|          0|
    |add_ln69_31_reg_1564  |  16|   0|   16|          0|
    |add_ln69_3_reg_1122   |  16|   0|   16|          0|
    |add_ln69_4_reg_1152   |  16|   0|   16|          0|
    |add_ln69_5_reg_1160   |  16|   0|   16|          0|
    |add_ln69_6_reg_1190   |  16|   0|   16|          0|
    |add_ln69_7_reg_1198   |  16|   0|   16|          0|
    |add_ln69_8_reg_1225   |  16|   0|   16|          0|
    |add_ln69_9_reg_1230   |  16|   0|   16|          0|
    |add_ln69_reg_1076     |  16|   0|   16|          0|
    |ap_CS_fsm             |  18|   0|   18|          0|
    |d_i_load_10_reg_1235  |  16|   0|   16|          0|
    |d_i_load_11_reg_1241  |  16|   0|   16|          0|
    |d_i_load_12_reg_1267  |  16|   0|   16|          0|
    |d_i_load_13_reg_1273  |  16|   0|   16|          0|
    |d_i_load_14_reg_1299  |  16|   0|   16|          0|
    |d_i_load_15_reg_1305  |  16|   0|   16|          0|
    |d_i_load_16_reg_1331  |  16|   0|   16|          0|
    |d_i_load_17_reg_1337  |  16|   0|   16|          0|
    |d_i_load_18_reg_1363  |  16|   0|   16|          0|
    |d_i_load_19_reg_1369  |  16|   0|   16|          0|
    |d_i_load_1_reg_1057   |  16|   0|   16|          0|
    |d_i_load_20_reg_1395  |  16|   0|   16|          0|
    |d_i_load_21_reg_1401  |  16|   0|   16|          0|
    |d_i_load_22_reg_1427  |  16|   0|   16|          0|
    |d_i_load_23_reg_1433  |  16|   0|   16|          0|
    |d_i_load_2_reg_1089   |  16|   0|   16|          0|
    |d_i_load_3_reg_1095   |  16|   0|   16|          0|
    |d_i_load_4_reg_1127   |  16|   0|   16|          0|
    |d_i_load_5_reg_1133   |  16|   0|   16|          0|
    |d_i_load_6_reg_1165   |  16|   0|   16|          0|
    |d_i_load_7_reg_1171   |  16|   0|   16|          0|
    |d_i_load_8_reg_1203   |  16|   0|   16|          0|
    |d_i_load_9_reg_1209   |  16|   0|   16|          0|
    |d_i_load_reg_1051     |  16|   0|   16|          0|
    +----------------------+----+----+-----+-----------+
    |Total                 |1306|   0| 1306|          0|
    +----------------------+----+----+-----+-----------+



================================================================
== Interface
================================================================
* Summary: 
+--------------+-----+-----+------------+--------------+--------------+
|   RTL Ports  | Dir | Bits|  Protocol  | Source Object|    C Type    |
+--------------+-----+-----+------------+--------------+--------------+
|ap_clk        |   in|    1|  ap_ctrl_hs|      array_io|  return value|
|ap_rst        |   in|    1|  ap_ctrl_hs|      array_io|  return value|
|ap_start      |   in|    1|  ap_ctrl_hs|      array_io|  return value|
|ap_done       |  out|    1|  ap_ctrl_hs|      array_io|  return value|
|ap_idle       |  out|    1|  ap_ctrl_hs|      array_io|  return value|
|ap_ready      |  out|    1|  ap_ctrl_hs|      array_io|  return value|
|d_o_0_din     |  out|   16|     ap_fifo|         d_o_0|       pointer|
|d_o_0_full_n  |   in|    1|     ap_fifo|         d_o_0|       pointer|
|d_o_0_write   |  out|    1|     ap_fifo|         d_o_0|       pointer|
|d_o_1_din     |  out|   16|     ap_fifo|         d_o_1|       pointer|
|d_o_1_full_n  |   in|    1|     ap_fifo|         d_o_1|       pointer|
|d_o_1_write   |  out|    1|     ap_fifo|         d_o_1|       pointer|
|d_i_address0  |  out|    5|   ap_memory|           d_i|         array|
|d_i_ce0       |  out|    1|   ap_memory|           d_i|         array|
|d_i_q0        |   in|   16|   ap_memory|           d_i|         array|
|d_i_address1  |  out|    5|   ap_memory|           d_i|         array|
|d_i_ce1       |  out|    1|   ap_memory|           d_i|         array|
|d_i_q1        |   in|   16|   ap_memory|           d_i|         array|
+--------------+-----+-----+------------+--------------+--------------+

