

================================================================
== Vitis HLS Report for 'array_io'
================================================================
* Date:           Sat Mar 18 20:29:59 2023

* Version:        2022.1 (Build 3526262 on Mon Apr 18 15:48:16 MDT 2022)
* Project:        array_io_prj
* Solution:       solution6 (Vivado IP Flow Target)
* Product family: virtexuplus
* Target device:  xcvu9p-flgb2104-1-e


================================================================
== Performance Estimates
================================================================
+ Timing: 
    * Summary: 
    +--------+---------+----------+------------+
    |  Clock |  Target | Estimated| Uncertainty|
    +--------+---------+----------+------------+
    |ap_clk  |  4.00 ns|  2.581 ns|     1.08 ns|
    +--------+---------+----------+------------+

+ Latency: 
    * Summary: 
    +---------+---------+-----------+-----------+-----+-----+---------+
    |  Latency (cycles) |   Latency (absolute)  |  Interval | Pipeline|
    |   min   |   max   |    min    |    max    | min | max |   Type  |
    +---------+---------+-----------+-----------+-----+-----+---------+
    |        9|        9|  36.000 ns|  36.000 ns|   10|   10|       no|
    +---------+---------+-----------+-----------+-----+-----+---------+

    + Detail: 
        * Instance: 
        N/A

        * Loop: 
        N/A



================================================================
== Utilization Estimates
================================================================
* Summary: 
+---------------------+---------+------+---------+---------+-----+
|         Name        | BRAM_18K|  DSP |    FF   |   LUT   | URAM|
+---------------------+---------+------+---------+---------+-----+
|DSP                  |        -|     -|        -|        -|    -|
|Expression           |        -|     -|        0|     1642|    -|
|FIFO                 |        -|     -|        -|        -|    -|
|Instance             |        -|     -|        -|        -|    -|
|Memory               |        -|     -|        -|        -|    -|
|Multiplexer          |        -|     -|        -|      487|    -|
|Register             |        -|     -|     1298|        -|    -|
+---------------------+---------+------+---------+---------+-----+
|Total                |        0|     0|     1298|     2129|    0|
+---------------------+---------+------+---------+---------+-----+
|Available SLR        |     1440|  2280|   788160|   394080|  320|
+---------------------+---------+------+---------+---------+-----+
|Utilization SLR (%)  |        0|     0|       ~0|       ~0|    0|
+---------------------+---------+------+---------+---------+-----+
|Available            |     4320|  6840|  2364480|  1182240|  960|
+---------------------+---------+------+---------+---------+-----+
|Utilization (%)      |        0|     0|       ~0|       ~0|    0|
+---------------------+---------+------+---------+---------+-----+

+ Detail: 
    * Instance: 
    N/A

    * DSP: 
    N/A

    * Memory: 
    N/A

    * FIFO: 
    N/A

    * Expression: 
    +------------------------+----------+----+---+----+------------+------------+
    |      Variable Name     | Operation| DSP| FF| LUT| Bitwidth P0| Bitwidth P1|
    +------------------------+----------+----+---+----+------------+------------+
    |add_ln67_10_fu_782_p2   |         +|   0|  0|  25|          18|          18|
    |add_ln67_12_fu_804_p2   |         +|   0|  0|  32|          32|          32|
    |add_ln67_13_fu_667_p2   |         +|   0|  0|  24|          17|          17|
    |add_ln67_14_fu_812_p2   |         +|   0|  0|  25|          18|          18|
    |add_ln67_16_fu_918_p2   |         +|   0|  0|  32|          32|          32|
    |add_ln67_17_fu_838_p2   |         +|   0|  0|  24|          17|          17|
    |add_ln67_18_fu_926_p2   |         +|   0|  0|  25|          18|          18|
    |add_ln67_1_fu_622_p2    |         +|   0|  0|  24|          17|          17|
    |add_ln67_20_fu_948_p2   |         +|   0|  0|  32|          32|          32|
    |add_ln67_21_fu_853_p2   |         +|   0|  0|  24|          17|          17|
    |add_ln67_22_fu_956_p2   |         +|   0|  0|  25|          18|          18|
    |add_ln67_24_fu_978_p2   |         +|   0|  0|  32|          32|          32|
    |add_ln67_25_fu_868_p2   |         +|   0|  0|  24|          17|          17|
    |add_ln67_26_fu_986_p2   |         +|   0|  0|  25|          18|          18|
    |add_ln67_28_fu_1008_p2  |         +|   0|  0|  32|          32|          32|
    |add_ln67_29_fu_883_p2   |         +|   0|  0|  24|          17|          17|
    |add_ln67_2_fu_722_p2    |         +|   0|  0|  25|          18|          18|
    |add_ln67_30_fu_1016_p2  |         +|   0|  0|  25|          18|          18|
    |add_ln67_4_fu_744_p2    |         +|   0|  0|  32|          32|          32|
    |add_ln67_5_fu_637_p2    |         +|   0|  0|  24|          17|          17|
    |add_ln67_6_fu_752_p2    |         +|   0|  0|  25|          18|          18|
    |add_ln67_8_fu_774_p2    |         +|   0|  0|  32|          32|          32|
    |add_ln67_9_fu_652_p2    |         +|   0|  0|  24|          17|          17|
    |add_ln67_fu_714_p2      |         +|   0|  0|  32|          32|          32|
    |add_ln69_10_fu_536_p2   |         +|   0|  0|  23|          16|          16|
    |add_ln69_11_fu_541_p2   |         +|   0|  0|  23|          16|          16|
    |add_ln69_12_fu_546_p2   |         +|   0|  0|  23|          16|          16|
    |add_ln69_13_fu_551_p2   |         +|   0|  0|  23|          16|          16|
    |add_ln69_14_fu_556_p2   |         +|   0|  0|  23|          16|          16|
    |add_ln69_15_fu_561_p2   |         +|   0|  0|  23|          16|          16|
    |add_ln69_16_fu_566_p2   |         +|   0|  0|  23|          16|          16|
    |add_ln69_17_fu_571_p2   |         +|   0|  0|  23|          16|          16|
    |add_ln69_18_fu_576_p2   |         +|   0|  0|  23|          16|          16|
    |add_ln69_19_fu_581_p2   |         +|   0|  0|  23|          16|          16|
    |add_ln69_1_fu_436_p2    |         +|   0|  0|  23|          16|          16|
    |add_ln69_20_fu_598_p2   |         +|   0|  0|  23|          16|          16|
    |add_ln69_21_fu_603_p2   |         +|   0|  0|  23|          16|          16|
    |add_ln69_22_fu_608_p2   |         +|   0|  0|  23|          16|          16|
    |add_ln69_23_fu_613_p2   |         +|   0|  0|  23|          16|          16|
    |add_ln69_24_fu_628_p2   |         +|   0|  0|  23|          16|          16|
    |add_ln69_25_fu_643_p2   |         +|   0|  0|  23|          16|          16|
    |add_ln69_26_fu_658_p2   |         +|   0|  0|  23|          16|          16|
    |add_ln69_27_fu_673_p2   |         +|   0|  0|  23|          16|          16|
    |add_ln69_28_fu_844_p2   |         +|   0|  0|  23|          16|          16|
    |add_ln69_29_fu_859_p2   |         +|   0|  0|  23|          16|          16|
    |add_ln69_2_fu_450_p2    |         +|   0|  0|  23|          16|          16|
    |add_ln69_30_fu_874_p2   |         +|   0|  0|  23|          16|          16|
    |add_ln69_31_fu_889_p2   |         +|   0|  0|  23|          16|          16|
    |add_ln69_3_fu_464_p2    |         +|   0|  0|  23|          16|          16|
    |add_ln69_4_fu_478_p2    |         +|   0|  0|  23|          16|          16|
    |add_ln69_5_fu_492_p2    |         +|   0|  0|  23|          16|          16|
    |add_ln69_6_fu_506_p2    |         +|   0|  0|  23|          16|          16|
    |add_ln69_7_fu_520_p2    |         +|   0|  0|  23|          16|          16|
    |add_ln69_8_fu_526_p2    |         +|   0|  0|  23|          16|          16|
    |add_ln69_9_fu_531_p2    |         +|   0|  0|  23|          16|          16|
    |add_ln69_fu_422_p2      |         +|   0|  0|  23|          16|          16|
    |temp_1_fu_762_p2        |         +|   0|  0|  32|          32|          32|
    |temp_2_fu_792_p2        |         +|   0|  0|  32|          32|          32|
    |temp_3_fu_822_p2        |         +|   0|  0|  32|          32|          32|
    |temp_4_fu_936_p2        |         +|   0|  0|  32|          32|          32|
    |temp_5_fu_966_p2        |         +|   0|  0|  32|          32|          32|
    |temp_6_fu_996_p2        |         +|   0|  0|  32|          32|          32|
    |temp_7_fu_1026_p2       |         +|   0|  0|  32|          32|          32|
    |temp_fu_732_p2          |         +|   0|  0|  32|          32|          32|
    |ap_block_state10        |        or|   0|  0|   2|           1|           1|
    +------------------------+----------+----+---+----+------------+------------+
    |Total                   |          |   0|  0|1642|        1305|        1305|
    +------------------------+----------+----+---+----+------------+------------+

    * Multiplexer: 
    +----------------+----+-----------+-----+-----------+
    |      Name      | LUT| Input Size| Bits| Total Bits|
    +----------------+----+-----------+-----+-----------+
    |ap_NS_fsm       |  59|         11|    1|         11|
    |d_i_0_address0  |  49|          9|    4|         36|
    |d_i_0_address1  |  49|          9|    4|         36|
    |d_i_1_address0  |  49|          9|    4|         36|
    |d_i_1_address1  |  49|          9|    4|         36|
    |d_o_0_blk_n     |   9|          2|    1|          2|
    |d_o_0_din       |  49|          9|   16|        144|
    |d_o_1_blk_n     |   9|          2|    1|          2|
    |d_o_1_din       |  49|          9|   16|        144|
    |d_o_2_blk_n     |   9|          2|    1|          2|
    |d_o_2_din       |  49|          9|   16|        144|
    |d_o_3_blk_n     |   9|          2|    1|          2|
    |d_o_3_din       |  49|          9|   16|        144|
    +----------------+----+-----------+-----+-----------+
    |Total           | 487|         91|   85|        739|
    +----------------+----+-----------+-----+-----------+

    * Register: 
    +------------------------+----+----+-----+-----------+
    |          Name          | FF | LUT| Bits| Const Bits|
    +------------------------+----+----+-----+-----------+
    |acc_0                   |  32|   0|   32|          0|
    |acc_1                   |  32|   0|   32|          0|
    |acc_2                   |  32|   0|   32|          0|
    |acc_3                   |  32|   0|   32|          0|
    |acc_4                   |  32|   0|   32|          0|
    |acc_5                   |  32|   0|   32|          0|
    |acc_6                   |  32|   0|   32|          0|
    |acc_7                   |  32|   0|   32|          0|
    |add_ln67_13_reg_1496    |  17|   0|   17|          0|
    |add_ln67_17_reg_1526    |  17|   0|   17|          0|
    |add_ln67_1_reg_1466     |  17|   0|   17|          0|
    |add_ln67_21_reg_1536    |  17|   0|   17|          0|
    |add_ln67_25_reg_1546    |  17|   0|   17|          0|
    |add_ln67_29_reg_1556    |  17|   0|   17|          0|
    |add_ln67_5_reg_1476     |  17|   0|   17|          0|
    |add_ln67_9_reg_1486     |  17|   0|   17|          0|
    |add_ln69_10_reg_1264    |  16|   0|   16|          0|
    |add_ln69_11_reg_1269    |  16|   0|   16|          0|
    |add_ln69_12_reg_1318    |  16|   0|   16|          0|
    |add_ln69_13_reg_1323    |  16|   0|   16|          0|
    |add_ln69_14_reg_1328    |  16|   0|   16|          0|
    |add_ln69_15_reg_1333    |  16|   0|   16|          0|
    |add_ln69_16_reg_1382    |  16|   0|   16|          0|
    |add_ln69_17_reg_1387    |  16|   0|   16|          0|
    |add_ln69_18_reg_1392    |  16|   0|   16|          0|
    |add_ln69_19_reg_1397    |  16|   0|   16|          0|
    |add_ln69_1_reg_1113     |  16|   0|   16|          0|
    |add_ln69_20_reg_1446    |  16|   0|   16|          0|
    |add_ln69_21_reg_1451    |  16|   0|   16|          0|
    |add_ln69_22_reg_1456    |  16|   0|   16|          0|
    |add_ln69_23_reg_1461    |  16|   0|   16|          0|
    |add_ln69_24_reg_1471    |  16|   0|   16|          0|
    |add_ln69_25_reg_1481    |  16|   0|   16|          0|
    |add_ln69_26_reg_1491    |  16|   0|   16|          0|
    |add_ln69_27_reg_1501    |  16|   0|   16|          0|
    |add_ln69_28_reg_1531    |  16|   0|   16|          0|
    |add_ln69_29_reg_1541    |  16|   0|   16|          0|
    |add_ln69_2_reg_1121     |  16|   0|   16|          0|
    |add_ln69_30_reg_1551    |  16|   0|   16|          0|
    |add_ln69_31_reg_1561    |  16|   0|   16|          0|
    |add_ln69_3_reg_1129     |  16|   0|   16|          0|
    |add_ln69_4_reg_1181     |  16|   0|   16|          0|
    |add_ln69_5_reg_1189     |  16|   0|   16|          0|
    |add_ln69_6_reg_1197     |  16|   0|   16|          0|
    |add_ln69_7_reg_1205     |  16|   0|   16|          0|
    |add_ln69_8_reg_1254     |  16|   0|   16|          0|
    |add_ln69_9_reg_1259     |  16|   0|   16|          0|
    |add_ln69_reg_1105       |  16|   0|   16|          0|
    |ap_CS_fsm               |  10|   0|   10|          0|
    |d_i_0_load_10_reg_1402  |  16|   0|   16|          0|
    |d_i_0_load_11_reg_1414  |  16|   0|   16|          0|
    |d_i_0_load_1_reg_1070   |  16|   0|   16|          0|
    |d_i_0_load_2_reg_1134   |  16|   0|   16|          0|
    |d_i_0_load_3_reg_1146   |  16|   0|   16|          0|
    |d_i_0_load_4_reg_1210   |  16|   0|   16|          0|
    |d_i_0_load_5_reg_1222   |  16|   0|   16|          0|
    |d_i_0_load_6_reg_1274   |  16|   0|   16|          0|
    |d_i_0_load_7_reg_1286   |  16|   0|   16|          0|
    |d_i_0_load_8_reg_1338   |  16|   0|   16|          0|
    |d_i_0_load_9_reg_1350   |  16|   0|   16|          0|
    |d_i_0_load_reg_1058     |  16|   0|   16|          0|
    |d_i_1_load_10_reg_1408  |  16|   0|   16|          0|
    |d_i_1_load_11_reg_1420  |  16|   0|   16|          0|
    |d_i_1_load_1_reg_1076   |  16|   0|   16|          0|
    |d_i_1_load_2_reg_1140   |  16|   0|   16|          0|
    |d_i_1_load_3_reg_1152   |  16|   0|   16|          0|
    |d_i_1_load_4_reg_1216   |  16|   0|   16|          0|
    |d_i_1_load_5_reg_1228   |  16|   0|   16|          0|
    |d_i_1_load_6_reg_1280   |  16|   0|   16|          0|
    |d_i_1_load_7_reg_1292   |  16|   0|   16|          0|
    |d_i_1_load_8_reg_1344   |  16|   0|   16|          0|
    |d_i_1_load_9_reg_1356   |  16|   0|   16|          0|
    |d_i_1_load_reg_1064     |  16|   0|   16|          0|
    +------------------------+----+----+-----+-----------+
    |Total                   |1298|   0| 1298|          0|
    +------------------------+----+----+-----+-----------+



================================================================
== Interface
================================================================
* Summary: 
+----------------+-----+-----+------------+--------------+--------------+
|    RTL Ports   | Dir | Bits|  Protocol  | Source Object|    C Type    |
+----------------+-----+-----+------------+--------------+--------------+
|ap_clk          |   in|    1|  ap_ctrl_hs|      array_io|  return value|
|ap_rst          |   in|    1|  ap_ctrl_hs|      array_io|  return value|
|ap_start        |   in|    1|  ap_ctrl_hs|      array_io|  return value|
|ap_done         |  out|    1|  ap_ctrl_hs|      array_io|  return value|
|ap_idle         |  out|    1|  ap_ctrl_hs|      array_io|  return value|
|ap_ready        |  out|    1|  ap_ctrl_hs|      array_io|  return value|
|d_o_0_din       |  out|   16|     ap_fifo|         d_o_0|       pointer|
|d_o_0_full_n    |   in|    1|     ap_fifo|         d_o_0|       pointer|
|d_o_0_write     |  out|    1|     ap_fifo|         d_o_0|       pointer|
|d_o_1_din       |  out|   16|     ap_fifo|         d_o_1|       pointer|
|d_o_1_full_n    |   in|    1|     ap_fifo|         d_o_1|       pointer|
|d_o_1_write     |  out|    1|     ap_fifo|         d_o_1|       pointer|
|d_o_2_din       |  out|   16|     ap_fifo|         d_o_2|       pointer|
|d_o_2_full_n    |   in|    1|     ap_fifo|         d_o_2|       pointer|
|d_o_2_write     |  out|    1|     ap_fifo|         d_o_2|       pointer|
|d_o_3_din       |  out|   16|     ap_fifo|         d_o_3|       pointer|
|d_o_3_full_n    |   in|    1|     ap_fifo|         d_o_3|       pointer|
|d_o_3_write     |  out|    1|     ap_fifo|         d_o_3|       pointer|
|d_i_0_address0  |  out|    4|   ap_memory|         d_i_0|         array|
|d_i_0_ce0       |  out|    1|   ap_memory|         d_i_0|         array|
|d_i_0_q0        |   in|   16|   ap_memory|         d_i_0|         array|
|d_i_0_address1  |  out|    4|   ap_memory|         d_i_0|         array|
|d_i_0_ce1       |  out|    1|   ap_memory|         d_i_0|         array|
|d_i_0_q1        |   in|   16|   ap_memory|         d_i_0|         array|
|d_i_1_address0  |  out|    4|   ap_memory|         d_i_1|         array|
|d_i_1_ce0       |  out|    1|   ap_memory|         d_i_1|         array|
|d_i_1_q0        |   in|   16|   ap_memory|         d_i_1|         array|
|d_i_1_address1  |  out|    4|   ap_memory|         d_i_1|         array|
|d_i_1_ce1       |  out|    1|   ap_memory|         d_i_1|         array|
|d_i_1_q1        |   in|   16|   ap_memory|         d_i_1|         array|
+----------------+-----+-----+------------+--------------+--------------+

