

================================================================
== Vitis HLS Report for 'array_io'
================================================================
* Date:           Sat Mar 18 19:04:05 2023

* Version:        2022.1 (Build 3526262 on Mon Apr 18 15:48:16 MDT 2022)
* Project:        array_io_prj
* Solution:       unrolled (Vivado IP Flow Target)
* Product family: virtexuplus
* Target device:  xcvu9p-flgb2104-1-e


================================================================
== Performance Estimates
================================================================
+ Timing: 
    * Summary: 
    +--------+---------+----------+------------+
    |  Clock |  Target | Estimated| Uncertainty|
    +--------+---------+----------+------------+
    |ap_clk  |  4.00 ns|  2.581 ns|     1.08 ns|
    +--------+---------+----------+------------+

+ Latency: 
    * Summary: 
    +---------+---------+----------+----------+-----+-----+---------+
    |  Latency (cycles) |  Latency (absolute) |  Interval | Pipeline|
    |   min   |   max   |    min   |    max   | min | max |   Type  |
    +---------+---------+----------+----------+-----+-----+---------+
    |       33|       33|  0.132 us|  0.132 us|   34|   34|       no|
    +---------+---------+----------+----------+-----+-----+---------+

    + Detail: 
        * Instance: 
        N/A

        * Loop: 
        N/A



================================================================
== Utilization Estimates
================================================================
* Summary: 
+---------------------+---------+------+---------+---------+-----+
|         Name        | BRAM_18K|  DSP |    FF   |   LUT   | URAM|
+---------------------+---------+------+---------+---------+-----+
|DSP                  |        -|     -|        -|        -|    -|
|Expression           |        -|     -|        0|     1640|    -|
|FIFO                 |        -|     -|        -|        -|    -|
|Instance             |        -|     -|        -|        -|    -|
|Memory               |        -|     -|        -|        -|    -|
|Multiplexer          |        -|     -|        -|      478|    -|
|Register             |        -|     -|     1274|        -|    -|
+---------------------+---------+------+---------+---------+-----+
|Total                |        0|     0|     1274|     2118|    0|
+---------------------+---------+------+---------+---------+-----+
|Available SLR        |     1440|  2280|   788160|   394080|  320|
+---------------------+---------+------+---------+---------+-----+
|Utilization SLR (%)  |        0|     0|       ~0|       ~0|    0|
+---------------------+---------+------+---------+---------+-----+
|Available            |     4320|  6840|  2364480|  1182240|  960|
+---------------------+---------+------+---------+---------+-----+
|Utilization (%)      |        0|     0|       ~0|       ~0|    0|
+---------------------+---------+------+---------+---------+-----+

+ Detail: 
    * Instance: 
    N/A

    * DSP: 
    N/A

    * Memory: 
    N/A

    * FIFO: 
    N/A

    * Expression: 
    +------------------------+----------+----+---+----+------------+------------+
    |      Variable Name     | Operation| DSP| FF| LUT| Bitwidth P0| Bitwidth P1|
    +------------------------+----------+----+---+----+------------+------------+
    |add_ln67_10_fu_771_p2   |         +|   0|  0|  25|          18|          18|
    |add_ln67_12_fu_793_p2   |         +|   0|  0|  32|          32|          32|
    |add_ln67_13_fu_723_p2   |         +|   0|  0|  24|          17|          17|
    |add_ln67_14_fu_801_p2   |         +|   0|  0|  25|          18|          18|
    |add_ln67_16_fu_873_p2   |         +|   0|  0|  32|          32|          32|
    |add_ln67_17_fu_827_p2   |         +|   0|  0|  24|          17|          17|
    |add_ln67_18_fu_881_p2   |         +|   0|  0|  25|          18|          18|
    |add_ln67_1_fu_600_p2    |         +|   0|  0|  24|          17|          17|
    |add_ln67_20_fu_903_p2   |         +|   0|  0|  32|          32|          32|
    |add_ln67_21_fu_837_p2   |         +|   0|  0|  24|          17|          17|
    |add_ln67_22_fu_911_p2   |         +|   0|  0|  25|          18|          18|
    |add_ln67_24_fu_975_p2   |         +|   0|  0|  32|          32|          32|
    |add_ln67_25_fu_937_p2   |         +|   0|  0|  24|          17|          17|
    |add_ln67_26_fu_983_p2   |         +|   0|  0|  25|          18|          18|
    |add_ln67_28_fu_1005_p2  |         +|   0|  0|  32|          32|          32|
    |add_ln67_29_fu_947_p2   |         +|   0|  0|  24|          17|          17|
    |add_ln67_2_fu_657_p2    |         +|   0|  0|  25|          18|          18|
    |add_ln67_30_fu_1013_p2  |         +|   0|  0|  25|          18|          18|
    |add_ln67_4_fu_679_p2    |         +|   0|  0|  32|          32|          32|
    |add_ln67_5_fu_610_p2    |         +|   0|  0|  24|          17|          17|
    |add_ln67_6_fu_687_p2    |         +|   0|  0|  25|          18|          18|
    |add_ln67_8_fu_763_p2    |         +|   0|  0|  32|          32|          32|
    |add_ln67_9_fu_713_p2    |         +|   0|  0|  24|          17|          17|
    |add_ln67_fu_649_p2      |         +|   0|  0|  32|          32|          32|
    |add_ln69_10_fu_568_p2   |         +|   0|  0|  23|          16|          16|
    |add_ln69_11_fu_573_p2   |         +|   0|  0|  23|          16|          16|
    |add_ln69_12_fu_630_p2   |         +|   0|  0|  23|          16|          16|
    |add_ln69_13_fu_743_p2   |         +|   0|  0|  23|          16|          16|
    |add_ln69_14_fu_857_p2   |         +|   0|  0|  23|          16|          16|
    |add_ln69_15_fu_965_p2   |         +|   0|  0|  23|          16|          16|
    |add_ln69_16_fu_582_p2   |         +|   0|  0|  23|          16|          16|
    |add_ln69_17_fu_591_p2   |         +|   0|  0|  23|          16|          16|
    |add_ln69_18_fu_638_p2   |         +|   0|  0|  23|          16|          16|
    |add_ln69_19_fu_645_p2   |         +|   0|  0|  23|          16|          16|
    |add_ln69_1_fu_463_p2    |         +|   0|  0|  23|          16|          16|
    |add_ln69_20_fu_751_p2   |         +|   0|  0|  23|          16|          16|
    |add_ln69_21_fu_758_p2   |         +|   0|  0|  23|          16|          16|
    |add_ln69_22_fu_865_p2   |         +|   0|  0|  23|          16|          16|
    |add_ln69_23_fu_970_p2   |         +|   0|  0|  23|          16|          16|
    |add_ln69_24_fu_1035_p2  |         +|   0|  0|  23|          16|          16|
    |add_ln69_25_fu_1040_p2  |         +|   0|  0|  23|          16|          16|
    |add_ln69_26_fu_1045_p2  |         +|   0|  0|  23|          16|          16|
    |add_ln69_27_fu_1050_p2  |         +|   0|  0|  23|          16|          16|
    |add_ln69_28_fu_1055_p2  |         +|   0|  0|  23|          16|          16|
    |add_ln69_29_fu_1060_p2  |         +|   0|  0|  23|          16|          16|
    |add_ln69_2_fu_478_p2    |         +|   0|  0|  23|          16|          16|
    |add_ln69_30_fu_1065_p2  |         +|   0|  0|  23|          16|          16|
    |add_ln69_31_fu_1070_p2  |         +|   0|  0|  23|          16|          16|
    |add_ln69_3_fu_493_p2    |         +|   0|  0|  23|          16|          16|
    |add_ln69_4_fu_508_p2    |         +|   0|  0|  23|          16|          16|
    |add_ln69_5_fu_523_p2    |         +|   0|  0|  23|          16|          16|
    |add_ln69_6_fu_538_p2    |         +|   0|  0|  23|          16|          16|
    |add_ln69_7_fu_552_p2    |         +|   0|  0|  23|          16|          16|
    |add_ln69_8_fu_558_p2    |         +|   0|  0|  23|          16|          16|
    |add_ln69_9_fu_563_p2    |         +|   0|  0|  23|          16|          16|
    |add_ln69_fu_448_p2      |         +|   0|  0|  23|          16|          16|
    |temp_1_fu_697_p2        |         +|   0|  0|  32|          32|          32|
    |temp_2_fu_781_p2        |         +|   0|  0|  32|          32|          32|
    |temp_3_fu_811_p2        |         +|   0|  0|  32|          32|          32|
    |temp_4_fu_891_p2        |         +|   0|  0|  32|          32|          32|
    |temp_5_fu_921_p2        |         +|   0|  0|  32|          32|          32|
    |temp_6_fu_993_p2        |         +|   0|  0|  32|          32|          32|
    |temp_7_fu_1023_p2       |         +|   0|  0|  32|          32|          32|
    |temp_fu_667_p2          |         +|   0|  0|  32|          32|          32|
    +------------------------+----------+----+---+----+------------+------------+
    |Total                   |          |   0|  0|1640|        1304|        1304|
    +------------------------+----------+----+---+----+------------+------------+

    * Multiplexer: 
    +--------------+-----+-----------+-----+-----------+
    |     Name     | LUT | Input Size| Bits| Total Bits|
    +--------------+-----+-----------+-----+-----------+
    |ap_NS_fsm     |  157|         35|    1|         35|
    |d_i_address0  |   81|         17|    5|         85|
    |d_i_address1  |   81|         17|    5|         85|
    |d_o_blk_n     |    9|          2|    1|          2|
    |d_o_din       |  150|         33|   16|        528|
    +--------------+-----+-----------+-----+-----------+
    |Total         |  478|        104|   28|        735|
    +--------------+-----+-----------+-----+-----------+

    * Register: 
    +----------------------+----+----+-----+-----------+
    |         Name         | FF | LUT| Bits| Const Bits|
    +----------------------+----+----+-----+-----------+
    |acc_0                 |  32|   0|   32|          0|
    |acc_1                 |  32|   0|   32|          0|
    |acc_2                 |  32|   0|   32|          0|
    |acc_3                 |  32|   0|   32|          0|
    |acc_4                 |  32|   0|   32|          0|
    |acc_5                 |  32|   0|   32|          0|
    |acc_6                 |  32|   0|   32|          0|
    |acc_7                 |  32|   0|   32|          0|
    |add_ln67_13_reg_1439  |  17|   0|   17|          0|
    |add_ln67_17_reg_1466  |  17|   0|   17|          0|
    |add_ln67_1_reg_1397   |  17|   0|   17|          0|
    |add_ln67_21_reg_1471  |  17|   0|   17|          0|
    |add_ln67_25_reg_1492  |  17|   0|   17|          0|
    |add_ln67_29_reg_1497  |  17|   0|   17|          0|
    |add_ln67_5_reg_1402   |  17|   0|   17|          0|
    |add_ln67_9_reg_1434   |  17|   0|   17|          0|
    |add_ln69_10_reg_1353  |  16|   0|   16|          0|
    |add_ln69_11_reg_1380  |  16|   0|   16|          0|
    |add_ln69_12_reg_1417  |  16|   0|   16|          0|
    |add_ln69_16_reg_1385  |  16|   0|   16|          0|
    |add_ln69_17_reg_1391  |  16|   0|   16|          0|
    |add_ln69_18_reg_1422  |  16|   0|   16|          0|
    |add_ln69_19_reg_1428  |  16|   0|   16|          0|
    |add_ln69_1_reg_1116   |  16|   0|   16|          0|
    |add_ln69_20_reg_1454  |  16|   0|   16|          0|
    |add_ln69_21_reg_1460  |  16|   0|   16|          0|
    |add_ln69_22_reg_1486  |  16|   0|   16|          0|
    |add_ln69_23_reg_1502  |  16|   0|   16|          0|
    |add_ln69_24_reg_1508  |  16|   0|   16|          0|
    |add_ln69_25_reg_1513  |  16|   0|   16|          0|
    |add_ln69_26_reg_1518  |  16|   0|   16|          0|
    |add_ln69_27_reg_1523  |  16|   0|   16|          0|
    |add_ln69_28_reg_1528  |  16|   0|   16|          0|
    |add_ln69_29_reg_1533  |  16|   0|   16|          0|
    |add_ln69_2_reg_1134   |  16|   0|   16|          0|
    |add_ln69_30_reg_1538  |  16|   0|   16|          0|
    |add_ln69_31_reg_1543  |  16|   0|   16|          0|
    |add_ln69_3_reg_1164   |  16|   0|   16|          0|
    |add_ln69_4_reg_1194   |  16|   0|   16|          0|
    |add_ln69_5_reg_1224   |  16|   0|   16|          0|
    |add_ln69_6_reg_1254   |  16|   0|   16|          0|
    |add_ln69_7_reg_1284   |  16|   0|   16|          0|
    |add_ln69_8_reg_1299   |  16|   0|   16|          0|
    |add_ln69_9_reg_1326   |  16|   0|   16|          0|
    |add_ln69_reg_1098     |  16|   0|   16|          0|
    |ap_CS_fsm             |  34|   0|   34|          0|
    |d_i_load_10_reg_1199  |  16|   0|   16|          0|
    |d_i_load_11_reg_1205  |  16|   0|   16|          0|
    |d_i_load_12_reg_1229  |  16|   0|   16|          0|
    |d_i_load_13_reg_1235  |  16|   0|   16|          0|
    |d_i_load_14_reg_1259  |  16|   0|   16|          0|
    |d_i_load_15_reg_1265  |  16|   0|   16|          0|
    |d_i_load_18_reg_1304  |  16|   0|   16|          0|
    |d_i_load_19_reg_1310  |  16|   0|   16|          0|
    |d_i_load_20_reg_1331  |  16|   0|   16|          0|
    |d_i_load_21_reg_1337  |  16|   0|   16|          0|
    |d_i_load_22_reg_1358  |  16|   0|   16|          0|
    |d_i_load_23_reg_1364  |  16|   0|   16|          0|
    |d_i_load_6_reg_1139   |  16|   0|   16|          0|
    |d_i_load_7_reg_1145   |  16|   0|   16|          0|
    |d_i_load_8_reg_1169   |  16|   0|   16|          0|
    |d_i_load_9_reg_1175   |  16|   0|   16|          0|
    |reg_408               |  16|   0|   16|          0|
    |reg_412               |  16|   0|   16|          0|
    |reg_416               |  16|   0|   16|          0|
    |reg_420               |  16|   0|   16|          0|
    |reg_424               |  16|   0|   16|          0|
    |reg_428               |  16|   0|   16|          0|
    |reg_432               |  16|   0|   16|          0|
    |reg_436               |  16|   0|   16|          0|
    +----------------------+----+----+-----+-----------+
    |Total                 |1274|   0| 1274|          0|
    +----------------------+----+----+-----+-----------+



================================================================
== Interface
================================================================
* Summary: 
+--------------+-----+-----+------------+--------------+--------------+
|   RTL Ports  | Dir | Bits|  Protocol  | Source Object|    C Type    |
+--------------+-----+-----+------------+--------------+--------------+
|ap_clk        |   in|    1|  ap_ctrl_hs|      array_io|  return value|
|ap_rst        |   in|    1|  ap_ctrl_hs|      array_io|  return value|
|ap_start      |   in|    1|  ap_ctrl_hs|      array_io|  return value|
|ap_done       |  out|    1|  ap_ctrl_hs|      array_io|  return value|
|ap_idle       |  out|    1|  ap_ctrl_hs|      array_io|  return value|
|ap_ready      |  out|    1|  ap_ctrl_hs|      array_io|  return value|
|d_o_din       |  out|   16|     ap_fifo|           d_o|       pointer|
|d_o_full_n    |   in|    1|     ap_fifo|           d_o|       pointer|
|d_o_write     |  out|    1|     ap_fifo|           d_o|       pointer|
|d_i_address0  |  out|    5|   ap_memory|           d_i|         array|
|d_i_ce0       |  out|    1|   ap_memory|           d_i|         array|
|d_i_q0        |   in|   16|   ap_memory|           d_i|         array|
|d_i_address1  |  out|    5|   ap_memory|           d_i|         array|
|d_i_ce1       |  out|    1|   ap_memory|           d_i|         array|
|d_i_q1        |   in|   16|   ap_memory|           d_i|         array|
+--------------+-----+-----+------------+--------------+--------------+

