

================================================================
== Vitis HLS Report for 'array_io'
================================================================
* Date:           Sat Mar 18 22:04:37 2023

* Version:        2022.1 (Build 3526262 on Mon Apr 18 15:48:16 MDT 2022)
* Project:        array_io_prj
* Solution:       solution7 (Vivado IP Flow Target)
* Product family: virtexuplus
* Target device:  xcvu9p-flgb2104-1-e


================================================================
== Performance Estimates
================================================================
+ Timing: 
    * Summary: 
    +--------+---------+----------+------------+
    |  Clock |  Target | Estimated| Uncertainty|
    +--------+---------+----------+------------+
    |ap_clk  |  4.00 ns|  2.581 ns|     1.08 ns|
    +--------+---------+----------+------------+

+ Latency: 
    * Summary: 
    +---------+---------+-----------+-----------+-----+-----+---------+
    |  Latency (cycles) |   Latency (absolute)  |  Interval | Pipeline|
    |   min   |   max   |    min    |    max    | min | max |   Type  |
    +---------+---------+-----------+-----------+-----+-----+---------+
    |        4|        4|  16.000 ns|  16.000 ns|    5|    5|       no|
    +---------+---------+-----------+-----------+-----+-----+---------+

    + Detail: 
        * Instance: 
        N/A

        * Loop: 
        N/A



================================================================
== Utilization Estimates
================================================================
* Summary: 
+---------------------+---------+------+---------+---------+-----+
|         Name        | BRAM_18K|  DSP |    FF   |   LUT   | URAM|
+---------------------+---------+------+---------+---------+-----+
|DSP                  |        -|     -|        -|        -|    -|
|Expression           |        -|     -|        0|     1646|    -|
|FIFO                 |        -|     -|        -|        -|    -|
|Instance             |        -|     -|        -|        -|    -|
|Memory               |        -|     -|        -|        -|    -|
|Multiplexer          |        -|     -|        -|      383|    -|
|Register             |        -|     -|     1165|        -|    -|
+---------------------+---------+------+---------+---------+-----+
|Total                |        0|     0|     1165|     2029|    0|
+---------------------+---------+------+---------+---------+-----+
|Available SLR        |     1440|  2280|   788160|   394080|  320|
+---------------------+---------+------+---------+---------+-----+
|Utilization SLR (%)  |        0|     0|       ~0|       ~0|    0|
+---------------------+---------+------+---------+---------+-----+
|Available            |     4320|  6840|  2364480|  1182240|  960|
+---------------------+---------+------+---------+---------+-----+
|Utilization (%)      |        0|     0|       ~0|       ~0|    0|
+---------------------+---------+------+---------+---------+-----+

+ Detail: 
    * Instance: 
    N/A

    * DSP: 
    N/A

    * Memory: 
    N/A

    * FIFO: 
    N/A

    * Expression: 
    +-----------------------+----------+----+---+----+------------+------------+
    |     Variable Name     | Operation| DSP| FF| LUT| Bitwidth P0| Bitwidth P1|
    +-----------------------+----------+----+---+----+------------+------------+
    |add_ln67_10_fu_632_p2  |         +|   0|  0|  25|          18|          18|
    |add_ln67_12_fu_654_p2  |         +|   0|  0|  32|          32|          32|
    |add_ln67_13_fu_440_p2  |         +|   0|  0|  24|          17|          17|
    |add_ln67_14_fu_662_p2  |         +|   0|  0|  25|          18|          18|
    |add_ln67_16_fu_684_p2  |         +|   0|  0|  32|          32|          32|
    |add_ln67_17_fu_456_p2  |         +|   0|  0|  24|          17|          17|
    |add_ln67_18_fu_692_p2  |         +|   0|  0|  25|          18|          18|
    |add_ln67_1_fu_392_p2   |         +|   0|  0|  24|          17|          17|
    |add_ln67_20_fu_714_p2  |         +|   0|  0|  32|          32|          32|
    |add_ln67_21_fu_472_p2  |         +|   0|  0|  24|          17|          17|
    |add_ln67_22_fu_722_p2  |         +|   0|  0|  25|          18|          18|
    |add_ln67_24_fu_744_p2  |         +|   0|  0|  32|          32|          32|
    |add_ln67_25_fu_488_p2  |         +|   0|  0|  24|          17|          17|
    |add_ln67_26_fu_752_p2  |         +|   0|  0|  25|          18|          18|
    |add_ln67_28_fu_774_p2  |         +|   0|  0|  32|          32|          32|
    |add_ln67_29_fu_504_p2  |         +|   0|  0|  24|          17|          17|
    |add_ln67_2_fu_572_p2   |         +|   0|  0|  25|          18|          18|
    |add_ln67_30_fu_782_p2  |         +|   0|  0|  25|          18|          18|
    |add_ln67_4_fu_594_p2   |         +|   0|  0|  32|          32|          32|
    |add_ln67_5_fu_408_p2   |         +|   0|  0|  24|          17|          17|
    |add_ln67_6_fu_602_p2   |         +|   0|  0|  25|          18|          18|
    |add_ln67_8_fu_624_p2   |         +|   0|  0|  32|          32|          32|
    |add_ln67_9_fu_424_p2   |         +|   0|  0|  24|          17|          17|
    |add_ln67_fu_564_p2     |         +|   0|  0|  32|          32|          32|
    |add_ln69_10_fu_294_p2  |         +|   0|  0|  23|          16|          16|
    |add_ln69_11_fu_299_p2  |         +|   0|  0|  23|          16|          16|
    |add_ln69_12_fu_304_p2  |         +|   0|  0|  23|          16|          16|
    |add_ln69_13_fu_309_p2  |         +|   0|  0|  23|          16|          16|
    |add_ln69_14_fu_314_p2  |         +|   0|  0|  23|          16|          16|
    |add_ln69_15_fu_319_p2  |         +|   0|  0|  23|          16|          16|
    |add_ln69_16_fu_327_p2  |         +|   0|  0|  23|          16|          16|
    |add_ln69_17_fu_335_p2  |         +|   0|  0|  23|          16|          16|
    |add_ln69_18_fu_343_p2  |         +|   0|  0|  23|          16|          16|
    |add_ln69_19_fu_351_p2  |         +|   0|  0|  23|          16|          16|
    |add_ln69_1_fu_194_p2   |         +|   0|  0|  23|          16|          16|
    |add_ln69_20_fu_359_p2  |         +|   0|  0|  23|          16|          16|
    |add_ln69_21_fu_367_p2  |         +|   0|  0|  23|          16|          16|
    |add_ln69_22_fu_375_p2  |         +|   0|  0|  23|          16|          16|
    |add_ln69_23_fu_383_p2  |         +|   0|  0|  23|          16|          16|
    |add_ln69_24_fu_398_p2  |         +|   0|  0|  23|          16|          16|
    |add_ln69_25_fu_414_p2  |         +|   0|  0|  23|          16|          16|
    |add_ln69_26_fu_430_p2  |         +|   0|  0|  23|          16|          16|
    |add_ln69_27_fu_446_p2  |         +|   0|  0|  23|          16|          16|
    |add_ln69_28_fu_462_p2  |         +|   0|  0|  23|          16|          16|
    |add_ln69_29_fu_478_p2  |         +|   0|  0|  23|          16|          16|
    |add_ln69_2_fu_208_p2   |         +|   0|  0|  23|          16|          16|
    |add_ln69_30_fu_494_p2  |         +|   0|  0|  23|          16|          16|
    |add_ln69_31_fu_510_p2  |         +|   0|  0|  23|          16|          16|
    |add_ln69_3_fu_222_p2   |         +|   0|  0|  23|          16|          16|
    |add_ln69_4_fu_236_p2   |         +|   0|  0|  23|          16|          16|
    |add_ln69_5_fu_250_p2   |         +|   0|  0|  23|          16|          16|
    |add_ln69_6_fu_264_p2   |         +|   0|  0|  23|          16|          16|
    |add_ln69_7_fu_278_p2   |         +|   0|  0|  23|          16|          16|
    |add_ln69_8_fu_284_p2   |         +|   0|  0|  23|          16|          16|
    |add_ln69_9_fu_289_p2   |         +|   0|  0|  23|          16|          16|
    |add_ln69_fu_180_p2     |         +|   0|  0|  23|          16|          16|
    |temp_1_fu_612_p2       |         +|   0|  0|  32|          32|          32|
    |temp_2_fu_642_p2       |         +|   0|  0|  32|          32|          32|
    |temp_3_fu_672_p2       |         +|   0|  0|  32|          32|          32|
    |temp_4_fu_702_p2       |         +|   0|  0|  32|          32|          32|
    |temp_5_fu_732_p2       |         +|   0|  0|  32|          32|          32|
    |temp_6_fu_762_p2       |         +|   0|  0|  32|          32|          32|
    |temp_7_fu_792_p2       |         +|   0|  0|  32|          32|          32|
    |temp_fu_582_p2         |         +|   0|  0|  32|          32|          32|
    |ap_block_state1        |        or|   0|  0|   2|           1|           1|
    |ap_block_state2        |        or|   0|  0|   2|           1|           1|
    |ap_block_state5        |        or|   0|  0|   2|           1|           1|
    +-----------------------+----------+----+---+----+------------+------------+
    |Total                  |          |   0|  0|1646|        1307|        1307|
    +-----------------------+----------+----+---+----+------------+------------+

    * Multiplexer: 
    +-------------+----+-----------+-----+-----------+
    |     Name    | LUT| Input Size| Bits| Total Bits|
    +-------------+----+-----------+-----+-----------+
    |ap_NS_fsm    |  31|          6|    1|          6|
    |d_i_0_blk_n  |   9|          2|    1|          2|
    |d_i_1_blk_n  |   9|          2|    1|          2|
    |d_i_2_blk_n  |   9|          2|    1|          2|
    |d_i_3_blk_n  |   9|          2|    1|          2|
    |d_i_4_blk_n  |   9|          2|    1|          2|
    |d_i_5_blk_n  |   9|          2|    1|          2|
    |d_i_6_blk_n  |   9|          2|    1|          2|
    |d_i_7_blk_n  |   9|          2|    1|          2|
    |d_o_0_blk_n  |   9|          2|    1|          2|
    |d_o_0_din    |  26|          5|   16|         80|
    |d_o_1_blk_n  |   9|          2|    1|          2|
    |d_o_1_din    |  26|          5|   16|         80|
    |d_o_2_blk_n  |   9|          2|    1|          2|
    |d_o_2_din    |  26|          5|   16|         80|
    |d_o_3_blk_n  |   9|          2|    1|          2|
    |d_o_3_din    |  26|          5|   16|         80|
    |d_o_4_blk_n  |   9|          2|    1|          2|
    |d_o_4_din    |  26|          5|   16|         80|
    |d_o_5_blk_n  |   9|          2|    1|          2|
    |d_o_5_din    |  26|          5|   16|         80|
    |d_o_6_blk_n  |   9|          2|    1|          2|
    |d_o_6_din    |  26|          5|   16|         80|
    |d_o_7_blk_n  |   9|          2|    1|          2|
    |d_o_7_din    |  26|          5|   16|         80|
    +-------------+----+-----------+-----+-----------+
    |Total        | 383|         78|  145|        678|
    +-------------+----+-----------+-----+-----------+

    * Register: 
    +-----------------------+----+----+-----+-----------+
    |          Name         | FF | LUT| Bits| Const Bits|
    +-----------------------+----+----+-----+-----------+
    |acc_0                  |  32|   0|   32|          0|
    |acc_1                  |  32|   0|   32|          0|
    |acc_2                  |  32|   0|   32|          0|
    |acc_3                  |  32|   0|   32|          0|
    |acc_4                  |  32|   0|   32|          0|
    |acc_5                  |  32|   0|   32|          0|
    |acc_6                  |  32|   0|   32|          0|
    |acc_7                  |  32|   0|   32|          0|
    |add_ln67_13_reg_1082   |  17|   0|   17|          0|
    |add_ln67_17_reg_1092   |  17|   0|   17|          0|
    |add_ln67_1_reg_1052    |  17|   0|   17|          0|
    |add_ln67_21_reg_1102   |  17|   0|   17|          0|
    |add_ln67_25_reg_1112   |  17|   0|   17|          0|
    |add_ln67_29_reg_1122   |  17|   0|   17|          0|
    |add_ln67_5_reg_1062    |  17|   0|   17|          0|
    |add_ln67_9_reg_1072    |  17|   0|   17|          0|
    |add_ln69_10_reg_974    |  16|   0|   16|          0|
    |add_ln69_11_reg_979    |  16|   0|   16|          0|
    |add_ln69_12_reg_984    |  16|   0|   16|          0|
    |add_ln69_13_reg_989    |  16|   0|   16|          0|
    |add_ln69_14_reg_994    |  16|   0|   16|          0|
    |add_ln69_15_reg_999    |  16|   0|   16|          0|
    |add_ln69_1_reg_863     |  16|   0|   16|          0|
    |add_ln69_24_reg_1057   |  16|   0|   16|          0|
    |add_ln69_25_reg_1067   |  16|   0|   16|          0|
    |add_ln69_26_reg_1077   |  16|   0|   16|          0|
    |add_ln69_27_reg_1087   |  16|   0|   16|          0|
    |add_ln69_28_reg_1097   |  16|   0|   16|          0|
    |add_ln69_29_reg_1107   |  16|   0|   16|          0|
    |add_ln69_2_reg_871     |  16|   0|   16|          0|
    |add_ln69_30_reg_1117   |  16|   0|   16|          0|
    |add_ln69_31_reg_1127   |  16|   0|   16|          0|
    |add_ln69_3_reg_879     |  16|   0|   16|          0|
    |add_ln69_4_reg_887     |  16|   0|   16|          0|
    |add_ln69_5_reg_895     |  16|   0|   16|          0|
    |add_ln69_6_reg_903     |  16|   0|   16|          0|
    |add_ln69_7_reg_911     |  16|   0|   16|          0|
    |add_ln69_8_reg_964     |  16|   0|   16|          0|
    |add_ln69_9_reg_969     |  16|   0|   16|          0|
    |add_ln69_reg_855       |  16|   0|   16|          0|
    |ap_CS_fsm              |   5|   0|    5|          0|
    |d_i_0_read_1_reg_916   |  16|   0|   16|          0|
    |d_i_0_read_2_reg_1004  |  16|   0|   16|          0|
    |d_i_0_read_reg_804     |  16|   0|   16|          0|
    |d_i_1_read_1_reg_922   |  16|   0|   16|          0|
    |d_i_1_read_2_reg_1010  |  16|   0|   16|          0|
    |d_i_1_read_reg_810     |  16|   0|   16|          0|
    |d_i_2_read_1_reg_928   |  16|   0|   16|          0|
    |d_i_2_read_2_reg_1016  |  16|   0|   16|          0|
    |d_i_2_read_reg_816     |  16|   0|   16|          0|
    |d_i_3_read_1_reg_934   |  16|   0|   16|          0|
    |d_i_3_read_2_reg_1022  |  16|   0|   16|          0|
    |d_i_3_read_reg_822     |  16|   0|   16|          0|
    |d_i_4_read_1_reg_940   |  16|   0|   16|          0|
    |d_i_4_read_2_reg_1028  |  16|   0|   16|          0|
    |d_i_4_read_reg_828     |  16|   0|   16|          0|
    |d_i_5_read_1_reg_946   |  16|   0|   16|          0|
    |d_i_5_read_2_reg_1034  |  16|   0|   16|          0|
    |d_i_5_read_reg_834     |  16|   0|   16|          0|
    |d_i_6_read_1_reg_952   |  16|   0|   16|          0|
    |d_i_6_read_2_reg_1040  |  16|   0|   16|          0|
    |d_i_6_read_reg_840     |  16|   0|   16|          0|
    |d_i_7_read_1_reg_958   |  16|   0|   16|          0|
    |d_i_7_read_2_reg_1046  |  16|   0|   16|          0|
    |d_i_7_read_reg_846     |  16|   0|   16|          0|
    +-----------------------+----+----+-----+-----------+
    |Total                  |1165|   0| 1165|          0|
    +-----------------------+----+----+-----+-----------+



================================================================
== Interface
================================================================
* Summary: 
+---------------+-----+-----+------------+--------------+--------------+
|   RTL Ports   | Dir | Bits|  Protocol  | Source Object|    C Type    |
+---------------+-----+-----+------------+--------------+--------------+
|ap_clk         |   in|    1|  ap_ctrl_hs|      array_io|  return value|
|ap_rst         |   in|    1|  ap_ctrl_hs|      array_io|  return value|
|ap_start       |   in|    1|  ap_ctrl_hs|      array_io|  return value|
|ap_done        |  out|    1|  ap_ctrl_hs|      array_io|  return value|
|ap_idle        |  out|    1|  ap_ctrl_hs|      array_io|  return value|
|ap_ready       |  out|    1|  ap_ctrl_hs|      array_io|  return value|
|d_o_0_din      |  out|   16|     ap_fifo|         d_o_0|       pointer|
|d_o_0_full_n   |   in|    1|     ap_fifo|         d_o_0|       pointer|
|d_o_0_write    |  out|    1|     ap_fifo|         d_o_0|       pointer|
|d_o_1_din      |  out|   16|     ap_fifo|         d_o_1|       pointer|
|d_o_1_full_n   |   in|    1|     ap_fifo|         d_o_1|       pointer|
|d_o_1_write    |  out|    1|     ap_fifo|         d_o_1|       pointer|
|d_o_2_din      |  out|   16|     ap_fifo|         d_o_2|       pointer|
|d_o_2_full_n   |   in|    1|     ap_fifo|         d_o_2|       pointer|
|d_o_2_write    |  out|    1|     ap_fifo|         d_o_2|       pointer|
|d_o_3_din      |  out|   16|     ap_fifo|         d_o_3|       pointer|
|d_o_3_full_n   |   in|    1|     ap_fifo|         d_o_3|       pointer|
|d_o_3_write    |  out|    1|     ap_fifo|         d_o_3|       pointer|
|d_o_4_din      |  out|   16|     ap_fifo|         d_o_4|       pointer|
|d_o_4_full_n   |   in|    1|     ap_fifo|         d_o_4|       pointer|
|d_o_4_write    |  out|    1|     ap_fifo|         d_o_4|       pointer|
|d_o_5_din      |  out|   16|     ap_fifo|         d_o_5|       pointer|
|d_o_5_full_n   |   in|    1|     ap_fifo|         d_o_5|       pointer|
|d_o_5_write    |  out|    1|     ap_fifo|         d_o_5|       pointer|
|d_o_6_din      |  out|   16|     ap_fifo|         d_o_6|       pointer|
|d_o_6_full_n   |   in|    1|     ap_fifo|         d_o_6|       pointer|
|d_o_6_write    |  out|    1|     ap_fifo|         d_o_6|       pointer|
|d_o_7_din      |  out|   16|     ap_fifo|         d_o_7|       pointer|
|d_o_7_full_n   |   in|    1|     ap_fifo|         d_o_7|       pointer|
|d_o_7_write    |  out|    1|     ap_fifo|         d_o_7|       pointer|
|d_i_0_dout     |   in|   16|     ap_fifo|         d_i_0|       pointer|
|d_i_0_empty_n  |   in|    1|     ap_fifo|         d_i_0|       pointer|
|d_i_0_read     |  out|    1|     ap_fifo|         d_i_0|       pointer|
|d_i_1_dout     |   in|   16|     ap_fifo|         d_i_1|       pointer|
|d_i_1_empty_n  |   in|    1|     ap_fifo|         d_i_1|       pointer|
|d_i_1_read     |  out|    1|     ap_fifo|         d_i_1|       pointer|
|d_i_2_dout     |   in|   16|     ap_fifo|         d_i_2|       pointer|
|d_i_2_empty_n  |   in|    1|     ap_fifo|         d_i_2|       pointer|
|d_i_2_read     |  out|    1|     ap_fifo|         d_i_2|       pointer|
|d_i_3_dout     |   in|   16|     ap_fifo|         d_i_3|       pointer|
|d_i_3_empty_n  |   in|    1|     ap_fifo|         d_i_3|       pointer|
|d_i_3_read     |  out|    1|     ap_fifo|         d_i_3|       pointer|
|d_i_4_dout     |   in|   16|     ap_fifo|         d_i_4|       pointer|
|d_i_4_empty_n  |   in|    1|     ap_fifo|         d_i_4|       pointer|
|d_i_4_read     |  out|    1|     ap_fifo|         d_i_4|       pointer|
|d_i_5_dout     |   in|   16|     ap_fifo|         d_i_5|       pointer|
|d_i_5_empty_n  |   in|    1|     ap_fifo|         d_i_5|       pointer|
|d_i_5_read     |  out|    1|     ap_fifo|         d_i_5|       pointer|
|d_i_6_dout     |   in|   16|     ap_fifo|         d_i_6|       pointer|
|d_i_6_empty_n  |   in|    1|     ap_fifo|         d_i_6|       pointer|
|d_i_6_read     |  out|    1|     ap_fifo|         d_i_6|       pointer|
|d_i_7_dout     |   in|   16|     ap_fifo|         d_i_7|       pointer|
|d_i_7_empty_n  |   in|    1|     ap_fifo|         d_i_7|       pointer|
|d_i_7_read     |  out|    1|     ap_fifo|         d_i_7|       pointer|
+---------------+-----+-----+------------+--------------+--------------+

